Encoder.c:17:6:Motor_StartLeft	8	static
Encoder.c:21:6:Motor_StartRight	8	static
Encoder.c:25:6:Motor_Stop	8	static
Encoder.c:41:9:Encoder_GetAngle	0	static
Encoder.c:49:6:Encoder_Calibrate	8	static
Encoder.c:56:6:Encoder_RunRight	8	static
Encoder.c:65:6:Encoder_RunLeft	8	static
Encoder.c:74:9:Encoder_IsBusy	0	static
Encoder.c:78:6:Encoder_Stop	8	static
Encoder.c:91:6:Encoder_Init	8	static
Encoder.c:104:6:Encoder_Process	8	static
Encoder.c:124:6:Encoder_ISR_Process	8	static
Encoder.c:146:6:Encoder_Z_Pulse	8	static
