Archive member included to satisfy reference by file (symbol)

c:/program files (x86)/atollic/truestudio for stm32 9.0.0/armtools/bin/../lib/gcc/arm-atollic-eabi/6.3.1/../../../../arm-atollic-eabi/lib/armv6-m\libc_nano.a(lib_a-init.o)
                              Application\TrueSTUDIO\startup_stm32f030x6.o (__libc_init_array)
c:/program files (x86)/atollic/truestudio for stm32 9.0.0/armtools/bin/../lib/gcc/arm-atollic-eabi/6.3.1/../../../../arm-atollic-eabi/lib/armv6-m\libc_nano.a(lib_a-memcpy-stub.o)
                              Drivers\STM32F0xx_HAL_Driver\stm32f0xx_hal_rcc.o (memcpy)
c:/program files (x86)/atollic/truestudio for stm32 9.0.0/armtools/bin/../lib/gcc/arm-atollic-eabi/6.3.1/../../../../arm-atollic-eabi/lib/armv6-m\libc_nano.a(lib_a-strlen.o)
                              Modules\i2c-lcd.o (strlen)
c:/program files (x86)/atollic/truestudio for stm32 9.0.0/armtools/bin/../lib/gcc/arm-atollic-eabi/6.3.1/../../../../arm-atollic-eabi/lib/armv6-m\libc_nano.a(lib_a-vsprintf.o)
                              Modules\i2c-lcd.o (vsprintf)
c:/program files (x86)/atollic/truestudio for stm32 9.0.0/armtools/bin/../lib/gcc/arm-atollic-eabi/6.3.1/../../../../arm-atollic-eabi/lib/armv6-m\libc_nano.a(lib_a-impure.o)
                              c:/program files (x86)/atollic/truestudio for stm32 9.0.0/armtools/bin/../lib/gcc/arm-atollic-eabi/6.3.1/../../../../arm-atollic-eabi/lib/armv6-m\libc_nano.a(lib_a-vsprintf.o) (_impure_ptr)
c:/program files (x86)/atollic/truestudio for stm32 9.0.0/armtools/bin/../lib/gcc/arm-atollic-eabi/6.3.1/../../../../arm-atollic-eabi/lib/armv6-m\libc_nano.a(lib_a-nano-svfprintf.o)
                              c:/program files (x86)/atollic/truestudio for stm32 9.0.0/armtools/bin/../lib/gcc/arm-atollic-eabi/6.3.1/../../../../arm-atollic-eabi/lib/armv6-m\libc_nano.a(lib_a-vsprintf.o) (_svfprintf_r)
c:/program files (x86)/atollic/truestudio for stm32 9.0.0/armtools/bin/../lib/gcc/arm-atollic-eabi/6.3.1/../../../../arm-atollic-eabi/lib/armv6-m\libc_nano.a(lib_a-nano-vfprintf_i.o)
                              c:/program files (x86)/atollic/truestudio for stm32 9.0.0/armtools/bin/../lib/gcc/arm-atollic-eabi/6.3.1/../../../../arm-atollic-eabi/lib/armv6-m\libc_nano.a(lib_a-nano-svfprintf.o) (_printf_i)
c:/program files (x86)/atollic/truestudio for stm32 9.0.0/armtools/bin/../lib/gcc/arm-atollic-eabi/6.3.1/../../../../arm-atollic-eabi/lib/armv6-m\libc_nano.a(lib_a-memchr-stub.o)
                              c:/program files (x86)/atollic/truestudio for stm32 9.0.0/armtools/bin/../lib/gcc/arm-atollic-eabi/6.3.1/../../../../arm-atollic-eabi/lib/armv6-m\libc_nano.a(lib_a-nano-svfprintf.o) (memchr)
c:/program files (x86)/atollic/truestudio for stm32 9.0.0/armtools/bin/../lib/gcc/arm-atollic-eabi/6.3.1/../../../../arm-atollic-eabi/lib/armv6-m\libc_nano.a(lib_a-memmove.o)
                              c:/program files (x86)/atollic/truestudio for stm32 9.0.0/armtools/bin/../lib/gcc/arm-atollic-eabi/6.3.1/../../../../arm-atollic-eabi/lib/armv6-m\libc_nano.a(lib_a-nano-svfprintf.o) (memmove)
c:/program files (x86)/atollic/truestudio for stm32 9.0.0/armtools/bin/../lib/gcc/arm-atollic-eabi/6.3.1/../../../../arm-atollic-eabi/lib/armv6-m\libc_nano.a(lib_a-nano-freer.o)
                              c:/program files (x86)/atollic/truestudio for stm32 9.0.0/armtools/bin/../lib/gcc/arm-atollic-eabi/6.3.1/../../../../arm-atollic-eabi/lib/armv6-m\libc_nano.a(lib_a-nano-svfprintf.o) (_free_r)
c:/program files (x86)/atollic/truestudio for stm32 9.0.0/armtools/bin/../lib/gcc/arm-atollic-eabi/6.3.1/../../../../arm-atollic-eabi/lib/armv6-m\libc_nano.a(lib_a-nano-mallocr.o)
                              c:/program files (x86)/atollic/truestudio for stm32 9.0.0/armtools/bin/../lib/gcc/arm-atollic-eabi/6.3.1/../../../../arm-atollic-eabi/lib/armv6-m\libc_nano.a(lib_a-nano-svfprintf.o) (_malloc_r)
c:/program files (x86)/atollic/truestudio for stm32 9.0.0/armtools/bin/../lib/gcc/arm-atollic-eabi/6.3.1/../../../../arm-atollic-eabi/lib/armv6-m\libc_nano.a(lib_a-nano-reallocr.o)
                              c:/program files (x86)/atollic/truestudio for stm32 9.0.0/armtools/bin/../lib/gcc/arm-atollic-eabi/6.3.1/../../../../arm-atollic-eabi/lib/armv6-m\libc_nano.a(lib_a-nano-svfprintf.o) (_realloc_r)
c:/program files (x86)/atollic/truestudio for stm32 9.0.0/armtools/bin/../lib/gcc/arm-atollic-eabi/6.3.1/../../../../arm-atollic-eabi/lib/armv6-m\libc_nano.a(lib_a-sbrkr.o)
                              c:/program files (x86)/atollic/truestudio for stm32 9.0.0/armtools/bin/../lib/gcc/arm-atollic-eabi/6.3.1/../../../../arm-atollic-eabi/lib/armv6-m\libc_nano.a(lib_a-nano-mallocr.o) (_sbrk_r)
c:/program files (x86)/atollic/truestudio for stm32 9.0.0/armtools/bin/../lib/gcc/arm-atollic-eabi/6.3.1/../../../../arm-atollic-eabi/lib/armv6-m\libc_nano.a(lib_a-mlock.o)
[...]
Memory Configuration

Name             Origin             Length             Attributes
RAM              0x20000000         0x00001000         xrw
FLASH            0x08000000         0x00004000         xr
*default*        0x00000000         0xffffffff

Linker script and memory map

LOAD c:/program files (x86)/atollic/truestudio for stm32 9.0.0/armtools/bin/../lib/gcc/arm-atollic-eabi/6.3.1/armv6-m/crti.o
LOAD c:/program files (x86)/atollic/truestudio for stm32 9.0.0/armtools/bin/../lib/gcc/arm-atollic-eabi/6.3.1/armv6-m/crtbegin.o
LOAD Application\TrueSTUDIO\startup_stm32f030x6.o
LOAD Application\User\gpio.o
LOAD Application\User\i2c.o
LOAD Application\User\main.o
LOAD Application\User\stm32f0xx_hal_msp.o
LOAD Application\User\stm32f0xx_it.o
LOAD Application\User\tim.o
LOAD Drivers\CMSIS\system_stm32f0xx.o
LOAD Drivers\STM32F0xx_HAL_Driver\stm32f0xx_hal.o
LOAD Drivers\STM32F0xx_HAL_Driver\stm32f0xx_hal_cortex.o
LOAD Drivers\STM32F0xx_HAL_Driver\stm32f0xx_hal_dma.o
LOAD Drivers\STM32F0xx_HAL_Driver\stm32f0xx_hal_flash.o
LOAD Drivers\STM32F0xx_HAL_Driver\stm32f0xx_hal_flash_ex.o
LOAD Drivers\STM32F0xx_HAL_Driver\stm32f0xx_hal_gpio.o
LOAD Drivers\STM32F0xx_HAL_Driver\stm32f0xx_hal_i2c.o
LOAD Drivers\STM32F0xx_HAL_Driver\stm32f0xx_hal_i2c_ex.o
LOAD Drivers\STM32F0xx_HAL_Driver\stm32f0xx_hal_pwr.o
LOAD Drivers\STM32F0xx_HAL_Driver\stm32f0xx_hal_pwr_ex.o
LOAD Drivers\STM32F0xx_HAL_Driver\stm32f0xx_hal_rcc.o
LOAD Drivers\STM32F0xx_HAL_Driver\stm32f0xx_hal_rcc_ex.o
LOAD Drivers\STM32F0xx_HAL_Driver\stm32f0xx_hal_tim.o
LOAD Drivers\STM32F0xx_HAL_Driver\stm32f0xx_hal_tim_ex.o
LOAD Modules\Buttons.o
LOAD Modules\Encoder.o
LOAD Modules\Menu.o
LOAD Modules\MenuControls.o
LOAD Modules\MenuStructure.o
LOAD Modules\RunningMode.o
LOAD Modules\SN74LS166.o
LOAD Modules\Settings.o
LOAD Modules\Sounds.o
LOAD Modules\eeprom24xx.o
LOAD Modules\i2c-lcd.o
                0x00000080                malloc_getpagesize_P = 0x80
START GROUP
LOAD c:/program files (x86)/atollic/truestudio for stm32 9.0.0/armtools/bin/../lib/gcc/arm-atollic-eabi/6.3.1/../../../../arm-atollic-eabi/lib/armv6-m\libc_nano.a
LOAD c:/program files (x86)/atollic/truestudio for stm32 9.0.0/armtools/bin/../lib/gcc/arm-atollic-eabi/6.3.1/../../../../arm-atollic-eabi/lib/armv6-m\libm.a
END GROUP
START GROUP
LOAD c:/program files (x86)/atollic/truestudio for stm32 9.0.0/armtools/bin/../lib/gcc/arm-atollic-eabi/6.3.1/armv6-m\libgcc.a
LOAD c:/program files (x86)/atollic/truestudio for stm32 9.0.0/armtools/bin/../lib/gcc/arm-atollic-eabi/6.3.1/../../../../arm-atollic-eabi/lib/armv6-m\libc_nano.a
END GROUP
START GROUP
LOAD c:/program files (x86)/atollic/truestudio for stm32 9.0.0/armtools/bin/../lib/gcc/arm-atollic-eabi/6.3.1/armv6-m\libgcc.a
LOAD c:/program files (x86)/atollic/truestudio for stm32 9.0.0/armtools/bin/../lib/gcc/arm-atollic-eabi/6.3.1/../../../../arm-atollic-eabi/lib/armv6-m\libc_nano.a
LOAD c:/program files (x86)/atollic/truestudio for stm32 9.0.0/armtools/bin/../lib/gcc/arm-atollic-eabi/6.3.1/../../../../arm-atollic-eabi/lib/armv6-m\libnosys.a
END GROUP
START GROUP
LOAD c:/program files (x86)/atollic/truestudio for stm32 9.0.0/armtools/bin/../lib/gcc/arm-atollic-eabi/6.3.1/armv6-m\libgcc.a
LOAD c:/program files (x86)/atollic/truestudio for stm32 9.0.0/armtools/bin/../lib/gcc/arm-atollic-eabi/6.3.1/../../../../arm-atollic-eabi/lib/armv6-m\libc_nano.a
LOAD c:/program files (x86)/atollic/truestudio for stm32 9.0.0/armtools/bin/../lib/gcc/arm-atollic-eabi/6.3.1/../../../../arm-atollic-eabi/lib/armv6-m\libnosys.a
END GROUP
LOAD c:/program files (x86)/atollic/truestudio for stm32 9.0.0/armtools/bin/../lib/gcc/arm-atollic-eabi/6.3.1/armv6-m/crtend.o
LOAD c:/program files (x86)/atollic/truestudio for stm32 9.0.0/armtools/bin/../lib/gcc/arm-atollic-eabi/6.3.1/armv6-m/crtn.o
                0x20001000                _estack = 0x20001000
                0x00000200                _Min_Heap_Size = 0x200
                0x00000400                _Min_Stack_Size = 0x400

.isr_vector     0x08000000       0xc0
                0x08000000                . = ALIGN (0x4)
 *(.isr_vector)
 .isr_vector    0x08000000       0xc0 Application\TrueSTUDIO\startup_stm32f030x6.o
                0x08000000                g_pfnVectors
                0x080000c0                . = ALIGN (0x4)

.text           0x080000c0     0x39a4
                0x080000c0                . = ALIGN (0x4)
 *(.text)
 .text          0x080000c0       0x48 c:/program files (x86)/atollic/truestudio for stm32 9.0.0/armtools/bin/../lib/gcc/arm-atollic-eabi/6.3.1/armv6-m/crtbegin.o
 .text          0x08000108        0xe c:/program files (x86)/atollic/truestudio for stm32 9.0.0/armtools/bin/../lib/gcc/arm-atollic-eabi/6.3.1/../../../../arm-atollic-eabi/lib/armv6-m\libc_nano.a(lib_a-strlen.o)
                0x08000108                strlen
 *fill*         0x08000116        0x2 
 .text          0x08000118       0x14 c:/program files (x86)/atollic/truestudio for stm32 9.0.0/armtools/bin/../lib/gcc/arm-atollic-eabi/6.3.1/armv6-m\libgcc.a(_thumb1_case_uqi.o)
                0x08000118                __gnu_thumb1_case_uqi
 .text          0x0800012c      0x114 c:/program files (x86)/atollic/truestudio for stm32 9.0.0/armtools/bin/../lib/gcc/arm-atollic-eabi/6.3.1/armv6-m\libgcc.a(_udivsi3.o)
                0x0800012c                __aeabi_uidiv
                0x0800012c                __udivsi3
                0x08000238                __aeabi_uidivmod
 .text          0x08000240        0x4 c:/program files (x86)/atollic/truestudio for stm32 9.0.0/armtools/bin/../lib/gcc/arm-atollic-eabi/6.3.1/armv6-m\libgcc.a(_dvmd_tls.o)
                0x08000240                __aeabi_idiv0
                0x08000240                __aeabi_ldiv0
 *(.text*)
 .text.Reset_Handler
                0x08000244       0x50 Application\TrueSTUDIO\startup_stm32f030x6.o
                0x08000244                Reset_Handler
 .text.Default_Handler
                0x08000294        0x2 Application\TrueSTUDIO\startup_stm32f030x6.o
                0x08000294                TIM1_CC_IRQHandler
                0x08000294                I2C1_IRQHandler
                0x08000294                SPI1_IRQHandler
                0x08000294                EXTI2_3_IRQHandler
                0x08000294                ADC1_IRQHandler
                0x08000294                RTC_IRQHandler
                0x08000294                TIM16_IRQHandler
                0x08000294                RCC_IRQHandler
                0x08000294                DMA1_Channel1_IRQHandler
                0x08000294                Default_Handler
                0x08000294                TIM14_IRQHandler
                0x08000294                DMA1_Channel4_5_IRQHandler
                0x08000294                EXTI0_1_IRQHandler
                0x08000294                WWDG_IRQHandler
                0x08000294                DMA1_Channel2_3_IRQHandler
                0x08000294                FLASH_IRQHandler
                0x08000294                USART1_IRQHandler
                0x08000294                TIM1_BRK_UP_TRG_COM_IRQHandler
 *fill*         0x08000296        0x2 
 .text.MX_GPIO_Init
                0x08000298       0xb0 Application\User\gpio.o
                0x08000298                MX_GPIO_Init
 .text.MX_I2C1_Init
                0x08000348       0x6c Application\User\i2c.o
                0x08000348                MX_I2C1_Init
 .text.HAL_I2C_MspInit
                0x080003b4       0x4c Application\User\i2c.o
                0x080003b4                HAL_I2C_MspInit
 .text.HAL_TIM_PeriodElapsedCallback
                0x08000400       0x24 Application\User\main.o
                0x08000400                HAL_TIM_PeriodElapsedCallback
 .text.HAL_GPIO_EXTI_Callback
                0x08000424        0xc Application\User\main.o
                0x08000424                HAL_GPIO_EXTI_Callback
 .text.SystemClock_Config
                0x08000430       0x68 Application\User\main.o
                0x08000430                SystemClock_Config
 .text.startup.main
                0x08000498       0x74 Application\User\main.o
                0x08000498                main
 .text._Error_Handler
                0x0800050c        0x2 Application\User\main.o
                0x0800050c                _Error_Handler
 *fill*         0x0800050e        0x2 
 .text.HAL_MspInit
                0x08000510       0x3c Application\User\stm32f0xx_hal_msp.o
                0x08000510                HAL_MspInit
 .text.NMI_Handler
                0x0800054c        0x2 Application\User\stm32f0xx_it.o
                0x0800054c                NMI_Handler
 .text.HardFault_Handler
                0x0800054e        0x2 Application\User\stm32f0xx_it.o
                0x0800054e                HardFault_Handler
 .text.SVC_Handler
                0x08000550        0x2 Application\User\stm32f0xx_it.o
                0x08000550                SVC_Handler
 .text.PendSV_Handler
                0x08000552        0x2 Application\User\stm32f0xx_it.o
                0x08000552                PendSV_Handler
 .text.SysTick_Handler
                0x08000554        0xc Application\User\stm32f0xx_it.o
                0x08000554                SysTick_Handler
 .text.EXTI4_15_IRQHandler
                0x08000560        0xa Application\User\stm32f0xx_it.o
                0x08000560                EXTI4_15_IRQHandler
 *fill*         0x0800056a        0x2 
 .text.TIM3_IRQHandler
                0x0800056c       0x10 Application\User\stm32f0xx_it.o
                0x0800056c                TIM3_IRQHandler
 .text.TIM17_IRQHandler
                0x0800057c       0x10 Application\User\stm32f0xx_it.o
                0x0800057c                TIM17_IRQHandler
 .text.MX_TIM3_Init
                0x0800058c       0x70 Application\User\tim.o
                0x0800058c                MX_TIM3_Init
 .text.MX_TIM17_Init
                0x080005fc       0x3c Application\User\tim.o
                0x080005fc                MX_TIM17_Init
 .text.HAL_TIM_Encoder_MspInit
                0x08000638       0x54 Application\User\tim.o
                0x08000638                HAL_TIM_Encoder_MspInit
 .text.HAL_TIM_Base_MspInit
                0x0800068c       0x4c Application\User\tim.o
                0x0800068c                HAL_TIM_Base_MspInit
 .text.HAL_TIM_MspPostInit
                0x080006d8       0x30 Application\User\tim.o
                0x080006d8                HAL_TIM_MspPostInit
 .text.MX_TIM14_Init
                0x08000708       0x7c Application\User\tim.o
                0x08000708                MX_TIM14_Init
 .text.SystemInit
                0x08000784       0x60 Drivers\CMSIS\system_stm32f0xx.o
                0x08000784                SystemInit
 .text.HAL_InitTick
                0x080007e4       0x24 Drivers\STM32F0xx_HAL_Driver\stm32f0xx_hal.o
                0x080007e4                HAL_InitTick
 .text.HAL_Init
                0x08000808       0x20 Drivers\STM32F0xx_HAL_Driver\stm32f0xx_hal.o
                0x08000808                HAL_Init
 .text.HAL_IncTick
                0x08000828       0x10 Drivers\STM32F0xx_HAL_Driver\stm32f0xx_hal.o
                0x08000828                HAL_IncTick
 .text.HAL_GetTick
                0x08000838        0xc Drivers\STM32F0xx_HAL_Driver\stm32f0xx_hal.o
                0x08000838                HAL_GetTick
 .text.HAL_Delay
                0x08000844       0x20 Drivers\STM32F0xx_HAL_Driver\stm32f0xx_hal.o
                0x08000844                HAL_Delay
 .text.HAL_NVIC_SetPriority
                0x08000864       0x60 Drivers\STM32F0xx_HAL_Driver\stm32f0xx_hal_cortex.o
                0x08000864                HAL_NVIC_SetPriority
 .text.HAL_NVIC_EnableIRQ
                0x080008c4       0x14 Drivers\STM32F0xx_HAL_Driver\stm32f0xx_hal_cortex.o
                0x080008c4                HAL_NVIC_EnableIRQ
 .text.HAL_SYSTICK_Config
                0x080008d8       0x34 Drivers\STM32F0xx_HAL_Driver\stm32f0xx_hal_cortex.o
                0x080008d8                HAL_SYSTICK_Config
 .text.HAL_SYSTICK_CLKSourceConfig
                0x0800090c       0x1c Drivers\STM32F0xx_HAL_Driver\stm32f0xx_hal_cortex.o
                0x0800090c                HAL_SYSTICK_CLKSourceConfig
 .text.HAL_SYSTICK_Callback
                0x08000928        0x2 Drivers\STM32F0xx_HAL_Driver\stm32f0xx_hal_cortex.o
                0x08000928                HAL_SYSTICK_Callback
 .text.HAL_SYSTICK_IRQHandler
                0x0800092a        0x8 Drivers\STM32F0xx_HAL_Driver\stm32f0xx_hal_cortex.o
                0x0800092a                HAL_SYSTICK_IRQHandler
 *fill*         0x08000932        0x2 
 .text.HAL_GPIO_Init
                0x08000934      0x160 Drivers\STM32F0xx_HAL_Driver\stm32f0xx_hal_gpio.o
                0x08000934                HAL_GPIO_Init
 .text.HAL_GPIO_ReadPin
                0x08000a94        0xc Drivers\STM32F0xx_HAL_Driver\stm32f0xx_hal_gpio.o
                0x08000a94                HAL_GPIO_ReadPin
 .text.HAL_GPIO_WritePin
                0x08000aa0        0xc Drivers\STM32F0xx_HAL_Driver\stm32f0xx_hal_gpio.o
                0x08000aa0                HAL_GPIO_WritePin
 .text.HAL_GPIO_EXTI_IRQHandler
                0x08000aac       0x18 Drivers\STM32F0xx_HAL_Driver\stm32f0xx_hal_gpio.o
                0x08000aac                HAL_GPIO_EXTI_IRQHandler
 .text.I2C_Flush_TXDR
                0x08000ac4       0x1c Drivers\STM32F0xx_HAL_Driver\stm32f0xx_hal_i2c.o
 .text.I2C_TransferConfig
                0x08000ae0       0x24 Drivers\STM32F0xx_HAL_Driver\stm32f0xx_hal_i2c.o
 .text.I2C_WaitOnFlagUntilTimeout
                0x08000b04       0x4c Drivers\STM32F0xx_HAL_Driver\stm32f0xx_hal_i2c.o
 .text.I2C_IsAcknowledgeFailed
                0x08000b50       0x80 Drivers\STM32F0xx_HAL_Driver\stm32f0xx_hal_i2c.o
 .text.I2C_WaitOnTXISFlagUntilTimeout
                0x08000bd0       0x5a Drivers\STM32F0xx_HAL_Driver\stm32f0xx_hal_i2c.o
 .text.I2C_RequestMemoryWrite
                0x08000c2a       0x68 Drivers\STM32F0xx_HAL_Driver\stm32f0xx_hal_i2c.o
 .text.I2C_RequestMemoryRead
                0x08000c92       0x66 Drivers\STM32F0xx_HAL_Driver\stm32f0xx_hal_i2c.o
 .text.I2C_WaitOnSTOPFlagUntilTimeout
                0x08000cf8       0x56 Drivers\STM32F0xx_HAL_Driver\stm32f0xx_hal_i2c.o
 *fill*         0x08000d4e        0x2 
 .text.HAL_I2C_Init
                0x08000d50       0xac Drivers\STM32F0xx_HAL_Driver\stm32f0xx_hal_i2c.o
                0x08000d50                HAL_I2C_Init
 .text.HAL_I2C_Master_Transmit
                0x08000dfc      0x130 Drivers\STM32F0xx_HAL_Driver\stm32f0xx_hal_i2c.o
                0x08000dfc                HAL_I2C_Master_Transmit
 .text.HAL_I2C_Mem_Write
                0x08000f2c      0x174 Drivers\STM32F0xx_HAL_Driver\stm32f0xx_hal_i2c.o
                0x08000f2c                HAL_I2C_Mem_Write
 .text.HAL_I2C_Mem_Read
                0x080010a0      0x180 Drivers\STM32F0xx_HAL_Driver\stm32f0xx_hal_i2c.o
                0x080010a0                HAL_I2C_Mem_Read
 .text.HAL_I2CEx_ConfigAnalogFilter
                0x08001220       0x4c Drivers\STM32F0xx_HAL_Driver\stm32f0xx_hal_i2c_ex.o
                0x08001220                HAL_I2CEx_ConfigAnalogFilter
 .text.HAL_I2CEx_ConfigDigitalFilter
                0x0800126c       0x48 Drivers\STM32F0xx_HAL_Driver\stm32f0xx_hal_i2c_ex.o
                0x0800126c                HAL_I2CEx_ConfigDigitalFilter
 .text.HAL_RCC_OscConfig
                0x080012b4      0x3c4 Drivers\STM32F0xx_HAL_Driver\stm32f0xx_hal_rcc.o
                0x080012b4                HAL_RCC_OscConfig
 .text.HAL_RCC_GetSysClockFreq
                0x08001678       0x64 Drivers\STM32F0xx_HAL_Driver\stm32f0xx_hal_rcc.o
                0x08001678                HAL_RCC_GetSysClockFreq
 .text.HAL_RCC_ClockConfig
                0x080016dc      0x12c Drivers\STM32F0xx_HAL_Driver\stm32f0xx_hal_rcc.o
                0x080016dc                HAL_RCC_ClockConfig
 .text.HAL_RCC_GetHCLKFreq
                0x08001808        0xc Drivers\STM32F0xx_HAL_Driver\stm32f0xx_hal_rcc.o
                0x08001808                HAL_RCC_GetHCLKFreq
 .text.HAL_RCCEx_PeriphCLKConfig
                0x08001814      0x108 Drivers\STM32F0xx_HAL_Driver\stm32f0xx_hal_rcc_ex.o
                0x08001814                HAL_RCCEx_PeriphCLKConfig
 .text.TIM_OC1_SetConfig
                0x0800191c       0x78 Drivers\STM32F0xx_HAL_Driver\stm32f0xx_hal_tim.o
 .text.TIM_OC3_SetConfig
                0x08001994       0x80 Drivers\STM32F0xx_HAL_Driver\stm32f0xx_hal_tim.o
 .text.TIM_OC4_SetConfig
                0x08001a14       0x68 Drivers\STM32F0xx_HAL_Driver\stm32f0xx_hal_tim.o
 .text.HAL_TIM_Base_Start_IT
                0x08001a7c       0x14 Drivers\STM32F0xx_HAL_Driver\stm32f0xx_hal_tim.o
                0x08001a7c                HAL_TIM_Base_Start_IT
 .text.HAL_TIM_PWM_MspInit
                0x08001a90        0x2 Drivers\STM32F0xx_HAL_Driver\stm32f0xx_hal_tim.o
                0x08001a90                HAL_TIM_PWM_MspInit
 .text.HAL_TIM_Encoder_Start
                0x08001a92       0x36 Drivers\STM32F0xx_HAL_Driver\stm32f0xx_hal_tim.o
                0x08001a92                HAL_TIM_Encoder_Start
 .text.HAL_TIM_OC_DelayElapsedCallback
                0x08001ac8        0x2 Drivers\STM32F0xx_HAL_Driver\stm32f0xx_hal_tim.o
                0x08001ac8                HAL_TIM_OC_DelayElapsedCallback
 .text.HAL_TIM_IC_CaptureCallback
                0x08001aca        0x2 Drivers\STM32F0xx_HAL_Driver\stm32f0xx_hal_tim.o
                0x08001aca                HAL_TIM_IC_CaptureCallback
 .text.HAL_TIM_PWM_PulseFinishedCallback
                0x08001acc        0x2 Drivers\STM32F0xx_HAL_Driver\stm32f0xx_hal_tim.o
                0x08001acc                HAL_TIM_PWM_PulseFinishedCallback
 .text.HAL_TIM_TriggerCallback
                0x08001ace        0x2 Drivers\STM32F0xx_HAL_Driver\stm32f0xx_hal_tim.o
                0x08001ace                HAL_TIM_TriggerCallback
 .text.HAL_TIM_IRQHandler
                0x08001ad0      0x148 Drivers\STM32F0xx_HAL_Driver\stm32f0xx_hal_tim.o
                0x08001ad0                HAL_TIM_IRQHandler
 .text.TIM_Base_SetConfig
                0x08001c18       0x80 Drivers\STM32F0xx_HAL_Driver\stm32f0xx_hal_tim.o
                0x08001c18                TIM_Base_SetConfig
 .text.HAL_TIM_Base_Init
                0x08001c98       0x36 Drivers\STM32F0xx_HAL_Driver\stm32f0xx_hal_tim.o
                0x08001c98                HAL_TIM_Base_Init
 .text.HAL_TIM_PWM_Init
                0x08001cce       0x36 Drivers\STM32F0xx_HAL_Driver\stm32f0xx_hal_tim.o
                0x08001cce                HAL_TIM_PWM_Init
 .text.HAL_TIM_Encoder_Init
                0x08001d04       0x94 Drivers\STM32F0xx_HAL_Driver\stm32f0xx_hal_tim.o
                0x08001d04                HAL_TIM_Encoder_Init
 .text.TIM_OC2_SetConfig
                0x08001d98       0x78 Drivers\STM32F0xx_HAL_Driver\stm32f0xx_hal_tim.o
                0x08001d98                TIM_OC2_SetConfig
 .text.HAL_TIM_PWM_ConfigChannel
                0x08001e10       0xd4 Drivers\STM32F0xx_HAL_Driver\stm32f0xx_hal_tim.o
                0x08001e10                HAL_TIM_PWM_ConfigChannel
 .text.TIM_CCxChannelCmd
                0x08001ee4       0x16 Drivers\STM32F0xx_HAL_Driver\stm32f0xx_hal_tim.o
                0x08001ee4                TIM_CCxChannelCmd
 *fill*         0x08001efa        0x2 
 .text.HAL_TIM_PWM_Start_IT
                0x08001efc       0x7c Drivers\STM32F0xx_HAL_Driver\stm32f0xx_hal_tim.o
                0x08001efc                HAL_TIM_PWM_Start_IT
 .text.HAL_TIM_PWM_Stop_IT
                0x08001f78       0xa4 Drivers\STM32F0xx_HAL_Driver\stm32f0xx_hal_tim.o
                0x08001f78                HAL_TIM_PWM_Stop_IT
 .text.HAL_TIMEx_MasterConfigSynchronization
                0x0800201c       0x42 Drivers\STM32F0xx_HAL_Driver\stm32f0xx_hal_tim_ex.o
                0x0800201c                HAL_TIMEx_MasterConfigSynchronization
 .text.HAL_TIMEx_CommutationCallback
                0x0800205e        0x2 Drivers\STM32F0xx_HAL_Driver\stm32f0xx_hal_tim_ex.o
                0x0800205e                HAL_TIMEx_CommutationCallback
 .text.HAL_TIMEx_BreakCallback
                0x08002060        0x2 Drivers\STM32F0xx_HAL_Driver\stm32f0xx_hal_tim_ex.o
                0x08002060                HAL_TIMEx_BreakCallback
 *fill*         0x08002062        0x2 
 .text.Buttons_Init
                0x08002064       0x14 Modules\Buttons.o
                0x08002064                Buttons_Init
 .text.Buttons_Process
                0x08002078       0x90 Modules\Buttons.o
                0x08002078                Buttons_Process
 .text.Buttons_ISR_Process
                0x08002108       0x40 Modules\Buttons.o
                0x08002108                Buttons_ISR_Process
 .text.Buttons_SetClickCallback
                0x08002148       0x18 Modules\Buttons.o
                0x08002148                Buttons_SetClickCallback
 .text.Buttons_RemoveClickCallback
                0x08002160       0x10 Modules\Buttons.o
                0x08002160                Buttons_RemoveClickCallback
 .text.Buttons_EnableAutorepetition
                0x08002170       0x10 Modules\Buttons.o
                0x08002170                Buttons_EnableAutorepetition
 .text.Buttons_DisableAutorepetition
                0x08002180       0x14 Modules\Buttons.o
                0x08002180                Buttons_DisableAutorepetition
 .text.Buttons_IsAutorepetitionClick
                0x08002194       0x14 Modules\Buttons.o
                0x08002194                Buttons_IsAutorepetitionClick
 .text.Motor_StartLeft
                0x080021a8       0x20 Modules\Encoder.o
                0x080021a8                Motor_StartLeft
 .text.Motor_StartRight
                0x080021c8       0x20 Modules\Encoder.o
                0x080021c8                Motor_StartRight
 .text.Motor_Stop
                0x080021e8       0x20 Modules\Encoder.o
                0x080021e8                Motor_Stop
 .text.Encoder_GetAngle
                0x08002208       0x18 Modules\Encoder.o
                0x08002208                Encoder_GetAngle
 .text.Encoder_Calibrate
                0x08002220       0x18 Modules\Encoder.o
                0x08002220                Encoder_Calibrate
 .text.Encoder_RunRight
                0x08002238       0x30 Modules\Encoder.o
                0x08002238                Encoder_RunRight
 .text.Encoder_RunLeft
                0x08002268       0x30 Modules\Encoder.o
                0x08002268                Encoder_RunLeft
 .text.Encoder_IsBusy
                0x08002298       0x2c Modules\Encoder.o
                0x08002298                Encoder_IsBusy
 .text.Encoder_Stop
                0x080022c4       0x1c Modules\Encoder.o
                0x080022c4                Encoder_Stop
 .text.Encoder_Init
                0x080022e0       0x28 Modules\Encoder.o
                0x080022e0                Encoder_Init
 .text.Encoder_Process
                0x08002308       0x50 Modules\Encoder.o
                0x08002308                Encoder_Process
 .text.Encoder_ISR_Process
                0x08002358       0x48 Modules\Encoder.o
                0x08002358                Encoder_ISR_Process
 .text.Encoder_Z_Pulse
                0x080023a0       0x1c Modules\Encoder.o
                0x080023a0                Encoder_Z_Pulse
 .text.Menu_GetCurrElement
                0x080023bc        0xc Modules\Menu.o
                0x080023bc                Menu_GetCurrElement
 .text.Menu_InitElementWithPos
                0x080023c8       0x30 Modules\Menu.o
                0x080023c8                Menu_InitElementWithPos
 .text.Menu_InitElement
                0x080023f8        0xa Modules\Menu.o
                0x080023f8                Menu_InitElement
 *fill*         0x08002402        0x2 
 .text.OnMenuBtnClick
                0x08002404       0xdc Modules\Menu.o
                0x08002404                OnMenuBtnClick
 .text.Menu_DrawList
                0x080024e0       0x2c Modules\Menu.o
                0x080024e0                Menu_DrawList
 .text.Menu_Process
                0x0800250c       0x50 Modules\Menu.o
                0x0800250c                Menu_Process
 .text.Menu_Init
                0x0800255c       0x10 Modules\Menu.o
                0x0800255c                Menu_Init
 .text.MC_ISR_Process
                0x0800256c       0x2c Modules\MenuControls.o
                0x0800256c                MC_ISR_Process
 .text.MC_Init  0x08002598       0x4c Modules\MenuControls.o
                0x08002598                MC_Init
 .text.MC_DeInit
                0x080025e4       0x30 Modules\MenuControls.o
                0x080025e4                MC_DeInit
 .text.OnMCBtnClick
                0x08002614       0x98 Modules\MenuControls.o
                0x08002614                OnMCBtnClick
 .text.MC_drawSwitch
                0x080026ac       0x88 Modules\MenuControls.o
                0x080026ac                MC_drawSwitch
 .text.MC_drawSwitchLP
                0x08002734       0x88 Modules\MenuControls.o
                0x08002734                MC_drawSwitchLP
 .text.MC_drawAngleSelector
                0x080027bc       0x98 Modules\MenuControls.o
                0x080027bc                MC_drawAngleSelector
 .text.MC_drawTimeSelector
                0x08002854       0x98 Modules\MenuControls.o
                0x08002854                MC_drawTimeSelector
 .text.MC_drawAutoModeSelector
                0x080028ec       0x74 Modules\MenuControls.o
                0x080028ec                MC_drawAutoModeSelector
 .text.Default_Loop
                0x08002960        0x2 Modules\MenuStructure.o
                0x08002960                Default_Loop
 *fill*         0x08002962        0x2 
 .text.AB_Loop  0x08002964       0x14 Modules\MenuStructure.o
                0x08002964                AB_Loop
 .text.AC_Loop  0x08002978       0x14 Modules\MenuStructure.o
                0x08002978                AC_Loop
 .text.AS_Loop  0x0800298c       0x14 Modules\MenuStructure.o
                0x0800298c                AS_Loop
 .text.Mx_Loop  0x080029a0       0x48 Modules\MenuStructure.o
                0x080029a0                Mx_Loop
 .text.GetMX    0x080029e8       0x12 Modules\MenuStructure.o
                0x080029e8                GetMX
 *fill*         0x080029fa        0x2 
 .text.Mx_F_Loop
                0x080029fc       0x20 Modules\MenuStructure.o
                0x080029fc                Mx_F_Loop
 .text.Mx_R_Loop
                0x08002a1c       0x20 Modules\MenuStructure.o
                0x08002a1c                Mx_R_Loop
 .text.Mx_LP_Loop
                0x08002a3c       0x20 Modules\MenuStructure.o
                0x08002a3c                Mx_LP_Loop
 .text.OnMemoryBtnClick
                0x08002a5c       0x54 Modules\RunningMode.o
                0x08002a5c                OnMemoryBtnClick
 .text.Machine_DeInit
                0x08002ab0       0x2c Modules\RunningMode.o
                0x08002ab0                Machine_DeInit
 .text.Machine_Init
                0x08002adc       0x48 Modules\RunningMode.o
                0x08002adc                Machine_Init
 .text.Machine_Bazuj
                0x08002b24       0x14 Modules\RunningMode.o
                0x08002b24                Machine_Bazuj
 .text.Machine_Cofaj
                0x08002b38       0x48 Modules\RunningMode.o
                0x08002b38                Machine_Cofaj
 .text.Machine_Wyginaj
                0x08002b80       0x48 Modules\RunningMode.o
                0x08002b80                Machine_Wyginaj
 .text.OnMachineBtnClick
                0x08002bc8       0x46 Modules\RunningMode.o
                0x08002bc8                OnMachineBtnClick
 *fill*         0x08002c0e        0x2 
 .text.RunningMode_ISR_Process
                0x08002c10       0x70 Modules\RunningMode.o
                0x08002c10                RunningMode_ISR_Process
 .text.Running_Loop
                0x08002c80      0x1f0 Modules\RunningMode.o
                0x08002c80                Running_Loop
 .text.SN74LS166_Init
                0x08002e70       0x20 Modules\SN74LS166.o
                0x08002e70                SN74LS166_Init
 .text.SN74LS166_Read
                0x08002e90       0x7c Modules\SN74LS166.o
                0x08002e90                SN74LS166_Read
 .text.Sounds_Buzzer_On
                0x08002f0c       0x30 Modules\Sounds.o
 .text.Sounds_Init
                0x08002f3c       0x18 Modules\Sounds.o
                0x08002f3c                Sounds_Init
 .text.Sounds_ISR_Process
                0x08002f54       0x24 Modules\Sounds.o
                0x08002f54                Sounds_ISR_Process
 .text.PlayBeep1
                0x08002f78       0x18 Modules\Sounds.o
                0x08002f78                PlayBeep1
 .text.PlayBeep2
                0x08002f90       0x18 Modules\Sounds.o
                0x08002f90                PlayBeep2
 .text.PlayBeep3
                0x08002fa8       0x18 Modules\Sounds.o
                0x08002fa8                PlayBeep3
 .text.EEPROM24XX_Save
                0x08002fc0       0x7c Modules\eeprom24xx.o
                0x08002fc0                EEPROM24XX_Save
 .text.EEPROM24XX_Load
                0x0800303c       0x24 Modules\eeprom24xx.o
                0x0800303c                EEPROM24XX_Load
 .text.lcd_send_cmd
                0x08003060       0x38 Modules\i2c-lcd.o
                0x08003060                lcd_send_cmd
 .text.lcd_send_data
                0x08003098       0x38 Modules\i2c-lcd.o
                0x08003098                lcd_send_data
 .text.lcd_xy   0x080030d0       0x22 Modules\i2c-lcd.o
                0x080030d0                lcd_xy
 .text.lcd_clear
                0x080030f2       0x10 Modules\i2c-lcd.o
                0x080030f2                lcd_clear
 .text.lcd_init
                0x08003102       0x54 Modules\i2c-lcd.o
                0x08003102                lcd_init
 .text.vprint   0x08003156       0x30 Modules\i2c-lcd.o
                0x08003156                vprint
 .text.lcd_printf
                0x08003186       0x16 Modules\i2c-lcd.o
                0x08003186                lcd_printf
 .text.__libc_init_array
                0x0800319c       0x48 c:/program files (x86)/atollic/truestudio for stm32 9.0.0/armtools/bin/../lib/gcc/arm-atollic-eabi/6.3.1/../../../../arm-atollic-eabi/lib/armv6-m\libc_nano.a(lib_a-init.o)
                0x0800319c                __libc_init_array
 .text.memcpy   0x080031e4       0x12 c:/program files (x86)/atollic/truestudio for stm32 9.0.0/armtools/bin/../lib/gcc/arm-atollic-eabi/6.3.1/../../../../arm-atollic-eabi/lib/armv6-m\libc_nano.a(lib_a-memcpy-stub.o)
                0x080031e4                memcpy
 *fill*         0x080031f6        0x2 
 .text._vsprintf_r
                0x080031f8       0x30 c:/program files (x86)/atollic/truestudio for stm32 9.0.0/armtools/bin/../lib/gcc/arm-atollic-eabi/6.3.1/../../../../arm-atollic-eabi/lib/armv6-m\libc_nano.a(lib_a-vsprintf.o)
                0x080031f8                _vsprintf_r
                0x080031f8                _vsiprintf_r
 .text.vsprintf
                0x08003228       0x18 c:/program files (x86)/atollic/truestudio for stm32 9.0.0/armtools/bin/../lib/gcc/arm-atollic-eabi/6.3.1/../../../../arm-atollic-eabi/lib/armv6-m\libc_nano.a(lib_a-vsprintf.o)
                0x08003228                vsiprintf
                0x08003228                vsprintf
 .text.__ssputs_r
                0x08003240       0xc4 c:/program files (x86)/atollic/truestudio for stm32 9.0.0/armtools/bin/../lib/gcc/arm-atollic-eabi/6.3.1/../../../../arm-atollic-eabi/lib/armv6-m\libc_nano.a(lib_a-nano-svfprintf.o)
                0x08003240                __ssputs_r
 .text._svfprintf_r
                0x08003304      0x208 c:/program files (x86)/atollic/truestudio for stm32 9.0.0/armtools/bin/../lib/gcc/arm-atollic-eabi/6.3.1/../../../../arm-atollic-eabi/lib/armv6-m\libc_nano.a(lib_a-nano-svfprintf.o)
                0x08003304                _svfiprintf_r
                0x08003304                _svfprintf_r
 .text._printf_common
                0x0800350c       0xda c:/program files (x86)/atollic/truestudio for stm32 9.0.0/armtools/bin/../lib/gcc/arm-atollic-eabi/6.3.1/../../../../arm-atollic-eabi/lib/armv6-m\libc_nano.a(lib_a-nano-vfprintf_i.o)
                0x0800350c                _printf_common
 *fill*         0x080035e6        0x2 
 .text._printf_i
                0x080035e8      0x234 c:/program files (x86)/atollic/truestudio for stm32 9.0.0/armtools/bin/../lib/gcc/arm-atollic-eabi/6.3.1/../../../../arm-atollic-eabi/lib/armv6-m\libc_nano.a(lib_a-nano-vfprintf_i.o)
                0x080035e8                _printf_i
 .text.memchr   0x0800381c       0x16 c:/program files (x86)/atollic/truestudio for stm32 9.0.0/armtools/bin/../lib/gcc/arm-atollic-eabi/6.3.1/../../../../arm-atollic-eabi/lib/armv6-m\libc_nano.a(lib_a-memchr-stub.o)
                0x0800381c                memchr
 .text.memmove  0x08003832       0x24 c:/program files (x86)/atollic/truestudio for stm32 9.0.0/armtools/bin/../lib/gcc/arm-atollic-eabi/6.3.1/../../../../arm-atollic-eabi/lib/armv6-m\libc_nano.a(lib_a-memmove.o)
                0x08003832                memmove
 *fill*         0x08003856        0x2 
 .text._free_r  0x08003858       0x94 c:/program files (x86)/atollic/truestudio for stm32 9.0.0/armtools/bin/../lib/gcc/arm-atollic-eabi/6.3.1/../../../../arm-atollic-eabi/lib/armv6-m\libc_nano.a(lib_a-nano-freer.o)
                0x08003858                _free_r
 .text._malloc_r
                0x080038ec       0xbc c:/program files (x86)/atollic/truestudio for stm32 9.0.0/armtools/bin/../lib/gcc/arm-atollic-eabi/6.3.1/../../../../arm-atollic-eabi/lib/armv6-m\libc_nano.a(lib_a-nano-mallocr.o)
                0x080038ec                _malloc_r
 .text._realloc_r
                0x080039a8       0x4c c:/program files (x86)/atollic/truestudio for stm32 9.0.0/armtools/bin/../lib/gcc/arm-atollic-eabi/6.3.1/../../../../arm-atollic-eabi/lib/armv6-m\libc_nano.a(lib_a-nano-reallocr.o)
                0x080039a8                _realloc_r
 .text._sbrk_r  0x080039f4       0x24 c:/program files (x86)/atollic/truestudio for stm32 9.0.0/armtools/bin/../lib/gcc/arm-atollic-eabi/6.3.1/../../../../arm-atollic-eabi/lib/armv6-m\libc_nano.a(lib_a-sbrkr.o)
                0x080039f4                _sbrk_r
 .text.__malloc_lock
                0x08003a18        0x2 c:/program files (x86)/atollic/truestudio for stm32 9.0.0/armtools/bin/../lib/gcc/arm-atollic-eabi/6.3.1/../../../../arm-atollic-eabi/lib/armv6-m\libc_nano.a(lib_a-mlock.o)
                0x08003a18                __malloc_lock
 .text.__malloc_unlock
                0x08003a1a        0x2 c:/program files (x86)/atollic/truestudio for stm32 9.0.0/armtools/bin/../lib/gcc/arm-atollic-eabi/6.3.1/../../../../arm-atollic-eabi/lib/armv6-m\libc_nano.a(lib_a-mlock.o)
                0x08003a1a                __malloc_unlock
 .text._malloc_usable_size_r
                0x08003a1c       0x10 c:/program files (x86)/atollic/truestudio for stm32 9.0.0/armtools/bin/../lib/gcc/arm-atollic-eabi/6.3.1/../../../../arm-atollic-eabi/lib/armv6-m\libc_nano.a(lib_a-nano-msizer.o)
                0x08003a1c                _malloc_usable_size_r
 .text._sbrk    0x08003a2c       0x20 c:/program files (x86)/atollic/truestudio for stm32 9.0.0/armtools/bin/../lib/gcc/arm-atollic-eabi/6.3.1/../../../../arm-atollic-eabi/lib/armv6-m\libnosys.a(sbrk.o)
                0x08003a2c                _sbrk
 *(.glue_7)
 .glue_7        0x08003a4c        0x0 linker stubs
 *(.glue_7t)
 .glue_7t       0x08003a4c        0x0 linker stubs
 *(.eh_frame)
 .eh_frame      0x08003a4c        0x0 c:/program files (x86)/atollic/truestudio for stm32 9.0.0/armtools/bin/../lib/gcc/arm-atollic-eabi/6.3.1/armv6-m/crtbegin.o
 *(.init)
 .init          0x08003a4c        0x4 c:/program files (x86)/atollic/truestudio for stm32 9.0.0/armtools/bin/../lib/gcc/arm-atollic-eabi/6.3.1/armv6-m/crti.o
                0x08003a4c                _init
 .init          0x08003a50        0x8 c:/program files (x86)/atollic/truestudio for stm32 9.0.0/armtools/bin/../lib/gcc/arm-atollic-eabi/6.3.1/armv6-m/crtn.o
 *(.fini)
 .fini          0x08003a58        0x4 c:/program files (x86)/atollic/truestudio for stm32 9.0.0/armtools/bin/../lib/gcc/arm-atollic-eabi/6.3.1/armv6-m/crti.o
                0x08003a58                _fini
 .fini          0x08003a5c        0x8 c:/program files (x86)/atollic/truestudio for stm32 9.0.0/armtools/bin/../lib/gcc/arm-atollic-eabi/6.3.1/armv6-m/crtn.o
                0x08003a64                . = ALIGN (0x4)
                0x08003a64                _etext = .

.vfp11_veneer   0x08003a64        0x0
 .vfp11_veneer  0x08003a64        0x0 linker stubs

.v4_bx          0x08003a64        0x0
 .v4_bx         0x08003a64        0x0 linker stubs

.iplt           0x08003a64        0x0
 .iplt          0x08003a64        0x0 c:/program files (x86)/atollic/truestudio for stm32 9.0.0/armtools/bin/../lib/gcc/arm-atollic-eabi/6.3.1/armv6-m/crtbegin.o

.rodata         0x08003a64      0x178
                0x08003a64                . = ALIGN (0x4)
 *(.rodata)
 .rodata        0x08003a64       0x20 Drivers\STM32F0xx_HAL_Driver\stm32f0xx_hal_rcc.o
 *(.rodata*)
 .rodata.MX_I2C1_Init.str1.1
                0x08003a84       0x13 Application\User\i2c.o
 .rodata.main.str1.1
                0x08003a97        0xd Application\User\main.o
 .rodata.MX_TIM3_Init.str1.1
                0x08003aa4       0x13 Application\User\tim.o
 .rodata.AHBPrescTable
                0x08003ab7       0x10 Drivers\CMSIS\system_stm32f0xx.o
                0x08003ab7                AHBPrescTable
 .rodata.Menu_DrawList.str1.1
                0x08003ac7        0x7 Modules\Menu.o
 .rodata.Menu_Process.str1.1
                0x08003ace        0x5 Modules\Menu.o
 .rodata.MC_drawAngleSelector.str1.1
                0x08003ad3        0x6 Modules\MenuControls.o
 .rodata.MC_drawSwitch.str1.1
                0x08003ad9        0x8 Modules\MenuControls.o
                                  0xc (size before relaxing)
 .rodata.MC_drawSwitchLP.str1.1
                0x08003ae1       0x17 Modules\MenuControls.o
 .rodata.MC_drawTimeSelector.str1.1
                0x08003af8        0x4 Modules\MenuControls.o
 .rodata.Mx_Loop.str1.1
                0x08003afc        0xd Modules\MenuStructure.o
 .rodata.str1.1
                0x08003b09       0x79 Modules\MenuStructure.o
 .rodata.Running_Loop.str1.1
                0x08003b82       0x27 Modules\RunningMode.o
 .rodata._svfprintf_r.str1.1
                0x08003ba9       0x11 c:/program files (x86)/atollic/truestudio for stm32 9.0.0/armtools/bin/../lib/gcc/arm-atollic-eabi/6.3.1/../../../../arm-atollic-eabi/lib/armv6-m\libc_nano.a(lib_a-nano-svfprintf.o)
 .rodata._printf_i.str1.1
                0x08003bba       0x22 c:/program files (x86)/atollic/truestudio for stm32 9.0.0/armtools/bin/../lib/gcc/arm-atollic-eabi/6.3.1/../../../../arm-atollic-eabi/lib/armv6-m\libc_nano.a(lib_a-nano-vfprintf_i.o)
                0x08003bdc                . = ALIGN (0x4)

.rel.dyn        0x08003bdc        0x0
 .rel.iplt      0x08003bdc        0x0 c:/program files (x86)/atollic/truestudio for stm32 9.0.0/armtools/bin/../lib/gcc/arm-atollic-eabi/6.3.1/armv6-m/crtbegin.o

.ARM.extab
 *(.ARM.extab* .gnu.linkonce.armextab.*)

.ARM            0x08003bdc        0x0
                0x08003bdc                __exidx_start = .
 *(.ARM.exidx*)
                0x08003bdc                __exidx_end = .

.preinit_array  0x08003bdc        0x0
                0x08003bdc                PROVIDE (__preinit_array_start, .)
 *(.preinit_array*)
                0x08003bdc                PROVIDE (__preinit_array_end, .)

.init_array     0x08003bdc        0x4
                0x08003bdc                PROVIDE (__init_array_start, .)
 *(SORT(.init_array.*))
 *(.init_array*)
 .init_array    0x08003bdc        0x4 c:/program files (x86)/atollic/truestudio for stm32 9.0.0/armtools/bin/../lib/gcc/arm-atollic-eabi/6.3.1/armv6-m/crtbegin.o
                0x08003be0                PROVIDE (__init_array_end, .)

.fini_array     0x08003be0        0x4
                [!provide]                PROVIDE (__fini_array_start, .)
 *(SORT(.fini_array.*))
 *(.fini_array*)
 .fini_array    0x08003be0        0x4 c:/program files (x86)/atollic/truestudio for stm32 9.0.0/armtools/bin/../lib/gcc/arm-atollic-eabi/6.3.1/armv6-m/crtbegin.o
                [!provide]                PROVIDE (__fini_array_end, .)
                0x08003be4                _sidata = LOADADDR (.data)

.data           0x20000000      0x418 load address 0x08003be4
                0x20000000                . = ALIGN (0x4)
                0x20000000                _sdata = .
 *(.data)
 *(.data*)
 .data.SystemCoreClock
                0x20000000        0x4 Drivers\CMSIS\system_stm32f0xx.o
                0x20000000                SystemCoreClock
 .data.actionEnable
                0x20000004        0x1 Modules\MenuControls.o
 .data.blinkEnable
                0x20000005        0x1 Modules\MenuControls.o
 .data.blinkState
                0x20000006        0x1 Modules\MenuControls.o
 .data.initFlag
                0x20000007        0x1 Modules\MenuControls.o
 .data.AB       0x20000008       0x14 Modules\MenuStructure.o
                0x20000008                AB
 .data.AC       0x2000001c       0x14 Modules\MenuStructure.o
                0x2000001c                AC
 .data.AS       0x20000030       0x14 Modules\MenuStructure.o
                0x20000030                AS
 .data.M1       0x20000044       0x14 Modules\MenuStructure.o
                0x20000044                M1
 .data.M1_F     0x20000058       0x14 Modules\MenuStructure.o
                0x20000058                M1_F
 .data.M1_LP    0x2000006c       0x14 Modules\MenuStructure.o
                0x2000006c                M1_LP
 .data.M1_R     0x20000080       0x14 Modules\MenuStructure.o
                0x20000080                M1_R
 .data.M1_childreen
                0x20000094        0xc Modules\MenuStructure.o
                0x20000094                M1_childreen
 .data.M2       0x200000a0       0x14 Modules\MenuStructure.o
                0x200000a0                M2
 .data.M2_F     0x200000b4       0x14 Modules\MenuStructure.o
                0x200000b4                M2_F
 .data.M2_LP    0x200000c8       0x14 Modules\MenuStructure.o
                0x200000c8                M2_LP
 .data.M2_R     0x200000dc       0x14 Modules\MenuStructure.o
                0x200000dc                M2_R
 .data.M2_childreen
                0x200000f0        0xc Modules\MenuStructure.o
                0x200000f0                M2_childreen
 .data.M3       0x200000fc       0x14 Modules\MenuStructure.o
                0x200000fc                M3
 .data.M3_F     0x20000110       0x14 Modules\MenuStructure.o
                0x20000110                M3_F
 .data.M3_LP    0x20000124       0x14 Modules\MenuStructure.o
                0x20000124                M3_LP
 .data.M3_R     0x20000138       0x14 Modules\MenuStructure.o
                0x20000138                M3_R
 .data.M3_childreen
                0x2000014c        0xc Modules\MenuStructure.o
                0x2000014c                M3_childreen
 .data.M4       0x20000158       0x14 Modules\MenuStructure.o
                0x20000158                M4
 .data.M4_F     0x2000016c       0x14 Modules\MenuStructure.o
                0x2000016c                M4_F
 .data.M4_LP    0x20000180       0x14 Modules\MenuStructure.o
                0x20000180                M4_LP
 .data.M4_R     0x20000194       0x14 Modules\MenuStructure.o
                0x20000194                M4_R
 .data.M4_childreen
                0x200001a8        0xc Modules\MenuStructure.o
                0x200001a8                M4_childreen
 .data.M5       0x200001b4       0x14 Modules\MenuStructure.o
                0x200001b4                M5
 .data.M5_F     0x200001c8       0x14 Modules\MenuStructure.o
                0x200001c8                M5_F
 .data.M5_LP    0x200001dc       0x14 Modules\MenuStructure.o
                0x200001dc                M5_LP
 .data.M5_R     0x200001f0       0x14 Modules\MenuStructure.o
                0x200001f0                M5_R
 .data.M5_childreen
                0x20000204        0xc Modules\MenuStructure.o
                0x20000204                M5_childreen
 .data.M6       0x20000210       0x14 Modules\MenuStructure.o
                0x20000210                M6
 .data.M6_F     0x20000224       0x14 Modules\MenuStructure.o
                0x20000224                M6_F
 .data.M6_LP    0x20000238       0x14 Modules\MenuStructure.o
                0x20000238                M6_LP
 .data.M6_R     0x2000024c       0x14 Modules\MenuStructure.o
                0x2000024c                M6_R
 .data.M6_childreen
                0x20000260        0xc Modules\MenuStructure.o
                0x20000260                M6_childreen
 .data.M7       0x2000026c       0x14 Modules\MenuStructure.o
                0x2000026c                M7
 .data.M7_F     0x20000280       0x14 Modules\MenuStructure.o
                0x20000280                M7_F
 .data.M7_LP    0x20000294       0x14 Modules\MenuStructure.o
                0x20000294                M7_LP
 .data.M7_R     0x200002a8       0x14 Modules\MenuStructure.o
                0x200002a8                M7_R
 .data.M7_childreen
                0x200002bc        0xc Modules\MenuStructure.o
                0x200002bc                M7_childreen
 .data.M8       0x200002c8       0x14 Modules\MenuStructure.o
                0x200002c8                M8
 .data.M8_F     0x200002dc       0x14 Modules\MenuStructure.o
                0x200002dc                M8_F
 .data.M8_LP    0x200002f0       0x14 Modules\MenuStructure.o
                0x200002f0                M8_LP
 .data.M8_R     0x20000304       0x14 Modules\MenuStructure.o
                0x20000304                M8_R
 .data.M8_childreen
                0x20000318        0xc Modules\MenuStructure.o
                0x20000318                M8_childreen
 .data.MainMenu
                0x20000324       0x14 Modules\MenuStructure.o
                0x20000324                MainMenu
 .data.MainMenu_childreen
                0x20000338        0xc Modules\MenuStructure.o
                0x20000338                MainMenu_childreen
 .data.Pamiec   0x20000344       0x14 Modules\MenuStructure.o
                0x20000344                Pamiec
 .data.Pamiec_childreen
                0x20000358       0x20 Modules\MenuStructure.o
                0x20000358                Pamiec_childreen
 .data.Start    0x20000378       0x14 Modules\MenuStructure.o
                0x20000378                Start
 .data.Ustawienia
                0x2000038c       0x14 Modules\MenuStructure.o
                0x2000038c                Ustawienia
 .data.Ustawienia_childreen
                0x200003a0        0xc Modules\MenuStructure.o
                0x200003a0                Ustawienia_childreen
 .data.blinkFlag
                0x200003ac        0x1 Modules\RunningMode.o
 *fill*         0x200003ad        0x1 
 .data.cnt.6856
                0x200003ae        0x2 Modules\RunningMode.o
 .data.currMem  0x200003b0        0x1 Modules\RunningMode.o
 .data.initFlag
                0x200003b1        0x1 Modules\RunningMode.o
 *fill*         0x200003b2        0x2 
 .data._impure_ptr
                0x200003b4        0x4 c:/program files (x86)/atollic/truestudio for stm32 9.0.0/armtools/bin/../lib/gcc/arm-atollic-eabi/6.3.1/../../../../arm-atollic-eabi/lib/armv6-m\libc_nano.a(lib_a-impure.o)
                0x200003b4                _impure_ptr
 .data.impure_data
                0x200003b8       0x60 c:/program files (x86)/atollic/truestudio for stm32 9.0.0/armtools/bin/../lib/gcc/arm-atollic-eabi/6.3.1/../../../../arm-atollic-eabi/lib/armv6-m\libc_nano.a(lib_a-impure.o)
                0x20000418                . = ALIGN (0x4)
                0x20000418                _edata = .

.igot.plt       0x20000418        0x0 load address 0x08003ffc
 .igot.plt      0x20000418        0x0 c:/program files (x86)/atollic/truestudio for stm32 9.0.0/armtools/bin/../lib/gcc/arm-atollic-eabi/6.3.1/armv6-m/crtbegin.o
                0x20000418                . = ALIGN (0x4)

.bss            0x20000418      0x244 load address 0x08003ffc
                0x20000418                _sbss = .
                0x20000418                __bss_start__ = _sbss
 *(.bss)
 .bss           0x20000418       0x1c c:/program files (x86)/atollic/truestudio for stm32 9.0.0/armtools/bin/../lib/gcc/arm-atollic-eabi/6.3.1/armv6-m/crtbegin.o
 *(.bss*)
 .bss.Buttons   0x20000434       0x74 Modules\Buttons.o
 .bss.cnt.6737  0x200004a8        0x2 Modules\Buttons.o
 .bss.Encoder   0x200004aa        0x8 Modules\Encoder.o
 *fill*         0x200004b2        0x2 
 .bss.MenuModule
                0x200004b4        0x8 Modules\Menu.o
                0x200004b4                MenuModule
 .bss.actionState
                0x200004bc        0x1 Modules\MenuControls.o
 *fill*         0x200004bd        0x1 
 .bss.ar_cnt.6812
                0x200004be        0x2 Modules\MenuControls.o
 .bss.cnt.6802  0x200004c0        0x2 Modules\MenuControls.o
 .bss.pos       0x200004c2        0x1 Modules\MenuControls.o
 .bss.currAction
                0x200004c3        0x1 Modules\RunningMode.o
 .bss.currDelay
                0x200004c4        0x2 Modules\RunningMode.o
 *fill*         0x200004c6        0x2 
 .bss.SN74LS166
                0x200004c8       0x18 Modules\SN74LS166.o
 .bss.sConfigOC
                0x200004e0       0x1c Modules\Sounds.o
 .bss.soundDuration
                0x200004fc        0x2 Modules\Sounds.o
 *fill*         0x200004fe        0x2 
 .bss.__malloc_free_list
                0x20000500        0x4 c:/program files (x86)/atollic/truestudio for stm32 9.0.0/armtools/bin/../lib/gcc/arm-atollic-eabi/6.3.1/../../../../arm-atollic-eabi/lib/armv6-m\libc_nano.a(lib_a-nano-mallocr.o)
                0x20000500                __malloc_free_list
 .bss.__malloc_sbrk_start
                0x20000504        0x4 c:/program files (x86)/atollic/truestudio for stm32 9.0.0/armtools/bin/../lib/gcc/arm-atollic-eabi/6.3.1/../../../../arm-atollic-eabi/lib/armv6-m\libc_nano.a(lib_a-nano-mallocr.o)
                0x20000504                __malloc_sbrk_start
 .bss.heap_end.4116
                0x20000508        0x4 c:/program files (x86)/atollic/truestudio for stm32 9.0.0/armtools/bin/../lib/gcc/arm-atollic-eabi/6.3.1/../../../../arm-atollic-eabi/lib/armv6-m\libnosys.a(sbrk.o)
 *(COMMON)
 COMMON         0x2000050c       0x4c Application\User\i2c.o
                0x2000050c                hi2c1
 COMMON         0x20000558       0xc0 Application\User\tim.o
                0x20000558                htim17
                0x20000598                htim3
                0x200005d8                htim14
 COMMON         0x20000618        0x4 Drivers\STM32F0xx_HAL_Driver\stm32f0xx_hal.o
                0x20000618                uwTick
 COMMON         0x2000061c       0x3c Modules\Settings.o
                0x2000061c                Settings
 COMMON         0x20000658        0x4 c:/program files (x86)/atollic/truestudio for stm32 9.0.0/armtools/bin/../lib/gcc/arm-atollic-eabi/6.3.1/../../../../arm-atollic-eabi/lib/armv6-m\libc_nano.a(lib_a-reent.o)
                0x20000658                errno
                0x2000065c                . = ALIGN (0x4)
                0x2000065c                _ebss = .
                0x2000065c                __bss_end__ = _ebss

._user_heap_stack
                0x2000065c      0x600 load address 0x08003ffc
                0x2000065c                . = ALIGN (0x4)
                0x2000065c                PROVIDE (end, .)
                [!provide]                PROVIDE (_end, .)
                0x2000085c                . = (. + _Min_Heap_Size)
 *fill*         0x2000065c      0x200 
                0x20000c5c                . = (. + _Min_Stack_Size)
 *fill*         0x2000085c      0x400 
                0x20000c5c                . = ALIGN (0x4)

/DISCARD/
 libc.a(*)
 libm.a(*)
 libgcc.a(*)

.ARM.attributes
                0x00000000       0x28
 *(.ARM.attributes)
 .ARM.attributes
                0x00000000       0x1e c:/program files (x86)/atollic/truestudio for stm32 9.0.0/armtools/bin/../lib/gcc/arm-atollic-eabi/6.3.1/armv6-m/crti.o
 .ARM.attributes
                0x0000001e       0x2c c:/program files (x86)/atollic/truestudio for stm32 9.0.0/armtools/bin/../lib/gcc/arm-atollic-eabi/6.3.1/armv6-m/crtbegin.o
 .ARM.attributes
                0x0000004a       0x21 Application\TrueSTUDIO\startup_stm32f030x6.o
 .ARM.attributes
                0x0000006b       0x31 Application\User\gpio.o
 .ARM.attributes
                0x0000009c       0x31 Application\User\i2c.o
 .ARM.attributes
                0x000000cd       0x31 Application\User\main.o
 .ARM.attributes
                0x000000fe       0x31 Application\User\stm32f0xx_hal_msp.o
 .ARM.attributes
                0x0000012f       0x31 Application\User\stm32f0xx_it.o
 .ARM.attributes
                0x00000160       0x31 Application\User\tim.o
 .ARM.attributes
                0x00000191       0x31 Drivers\CMSIS\system_stm32f0xx.o
 .ARM.attributes
                0x000001c2       0x31 Drivers\STM32F0xx_HAL_Driver\stm32f0xx_hal.o
 .ARM.attributes
                0x000001f3       0x31 Drivers\STM32F0xx_HAL_Driver\stm32f0xx_hal_cortex.o
 .ARM.attributes
                0x00000224       0x31 Drivers\STM32F0xx_HAL_Driver\stm32f0xx_hal_gpio.o
 .ARM.attributes
                0x00000255       0x31 Drivers\STM32F0xx_HAL_Driver\stm32f0xx_hal_i2c.o
 .ARM.attributes
                0x00000286       0x31 Drivers\STM32F0xx_HAL_Driver\stm32f0xx_hal_i2c_ex.o
 .ARM.attributes
                0x000002b7       0x31 Drivers\STM32F0xx_HAL_Driver\stm32f0xx_hal_rcc.o
 .ARM.attributes
                0x000002e8       0x31 Drivers\STM32F0xx_HAL_Driver\stm32f0xx_hal_rcc_ex.o
 .ARM.attributes
                0x00000319       0x31 Drivers\STM32F0xx_HAL_Driver\stm32f0xx_hal_tim.o
 .ARM.attributes
                0x0000034a       0x31 Drivers\STM32F0xx_HAL_Driver\stm32f0xx_hal_tim_ex.o
 .ARM.attributes
                0x0000037b       0x31 Modules\Buttons.o
 .ARM.attributes
                0x000003ac       0x31 Modules\Encoder.o
 .ARM.attributes
                0x000003dd       0x31 Modules\Menu.o
 .ARM.attributes
                0x0000040e       0x31 Modules\MenuControls.o
 .ARM.attributes
                0x0000043f       0x31 Modules\MenuStructure.o
 .ARM.attributes
                0x00000470       0x31 Modules\RunningMode.o
 .ARM.attributes
                0x000004a1       0x31 Modules\SN74LS166.o
 .ARM.attributes
                0x000004d2       0x31 Modules\Settings.o
 .ARM.attributes
                0x00000503       0x31 Modules\Sounds.o
 .ARM.attributes
                0x00000534       0x31 Modules\eeprom24xx.o
 .ARM.attributes
                0x00000565       0x31 Modules\i2c-lcd.o
 .ARM.attributes
                0x00000596       0x2c c:/program files (x86)/atollic/truestudio for stm32 9.0.0/armtools/bin/../lib/gcc/arm-atollic-eabi/6.3.1/../../../../arm-atollic-eabi/lib/armv6-m\libc_nano.a(lib_a-init.o)
 .ARM.attributes
                0x000005c2       0x2c c:/program files (x86)/atollic/truestudio for stm32 9.0.0/armtools/bin/../lib/gcc/arm-atollic-eabi/6.3.1/../../../../arm-atollic-eabi/lib/armv6-m\libc_nano.a(lib_a-memcpy-stub.o)
 .ARM.attributes
                0x000005ee       0x1c c:/program files (x86)/atollic/truestudio for stm32 9.0.0/armtools/bin/../lib/gcc/arm-atollic-eabi/6.3.1/../../../../arm-atollic-eabi/lib/armv6-m\libc_nano.a(lib_a-strlen.o)
 .ARM.attributes
                0x0000060a       0x2c c:/program files (x86)/atollic/truestudio for stm32 9.0.0/armtools/bin/../lib/gcc/arm-atollic-eabi/6.3.1/../../../../arm-atollic-eabi/lib/armv6-m\libc_nano.a(lib_a-vsprintf.o)
 .ARM.attributes
                0x00000636       0x2c c:/program files (x86)/atollic/truestudio for stm32 9.0.0/armtools/bin/../lib/gcc/arm-atollic-eabi/6.3.1/../../../../arm-atollic-eabi/lib/armv6-m\libc_nano.a(lib_a-impure.o)
 .ARM.attributes
                0x00000662       0x2c c:/program files (x86)/atollic/truestudio for stm32 9.0.0/armtools/bin/../lib/gcc/arm-atollic-eabi/6.3.1/../../../../arm-atollic-eabi/lib/armv6-m\libc_nano.a(lib_a-nano-svfprintf.o)
 .ARM.attributes
                0x0000068e       0x2c c:/program files (x86)/atollic/truestudio for stm32 9.0.0/armtools/bin/../lib/gcc/arm-atollic-eabi/6.3.1/../../../../arm-atollic-eabi/lib/armv6-m\libc_nano.a(lib_a-nano-vfprintf_i.o)
 .ARM.attributes
                0x000006ba       0x2c c:/program files (x86)/atollic/truestudio for stm32 9.0.0/armtools/bin/../lib/gcc/arm-atollic-eabi/6.3.1/../../../../arm-atollic-eabi/lib/armv6-m\libc_nano.a(lib_a-memchr-stub.o)
 .ARM.attributes
                0x000006e6       0x2c c:/program files (x86)/atollic/truestudio for stm32 9.0.0/armtools/bin/../lib/gcc/arm-atollic-eabi/6.3.1/../../../../arm-atollic-eabi/lib/armv6-m\libc_nano.a(lib_a-memmove.o)
 .ARM.attributes
                0x00000712       0x2c c:/program files (x86)/atollic/truestudio for stm32 9.0.0/armtools/bin/../lib/gcc/arm-atollic-eabi/6.3.1/../../../../arm-atollic-eabi/lib/armv6-m\libc_nano.a(lib_a-nano-freer.o)
 .ARM.attributes
                0x0000073e       0x2c c:/program files (x86)/atollic/truestudio for stm32 9.0.0/armtools/bin/../lib/gcc/arm-atollic-eabi/6.3.1/../../../../arm-atollic-eabi/lib/armv6-m\libc_nano.a(lib_a-nano-mallocr.o)
 .ARM.attributes
                0x0000076a       0x2c c:/program files (x86)/atollic/truestudio for stm32 9.0.0/armtools/bin/../lib/gcc/arm-atollic-eabi/6.3.1/../../../../arm-atollic-eabi/lib/armv6-m\libc_nano.a(lib_a-nano-reallocr.o)
 .ARM.attributes
                0x00000796       0x2c c:/program files (x86)/atollic/truestudio for stm32 9.0.0/armtools/bin/../lib/gcc/arm-atollic-eabi/6.3.1/../../../../arm-atollic-eabi/lib/armv6-m\libc_nano.a(lib_a-sbrkr.o)
 .ARM.attributes
                0x000007c2       0x2c c:/program files (x86)/atollic/truestudio for stm32 9.0.0/armtools/bin/../lib/gcc/arm-atollic-eabi/6.3.1/../../../../arm-atollic-eabi/lib/armv6-m\libc_nano.a(lib_a-mlock.o)
 .ARM.attributes
                0x000007ee       0x2c c:/program files (x86)/atollic/truestudio for stm32 9.0.0/armtools/bin/../lib/gcc/arm-atollic-eabi/6.3.1/../../../../arm-atollic-eabi/lib/armv6-m\libc_nano.a(lib_a-nano-msizer.o)
 .ARM.attributes
                0x0000081a       0x2c c:/program files (x86)/atollic/truestudio for stm32 9.0.0/armtools/bin/../lib/gcc/arm-atollic-eabi/6.3.1/../../../../arm-atollic-eabi/lib/armv6-m\libc_nano.a(lib_a-reent.o)
 .ARM.attributes
                0x00000846       0x1e c:/program files (x86)/atollic/truestudio for stm32 9.0.0/armtools/bin/../lib/gcc/arm-atollic-eabi/6.3.1/armv6-m\libgcc.a(_thumb1_case_uqi.o)
 .ARM.attributes
                0x00000864       0x1e c:/program files (x86)/atollic/truestudio for stm32 9.0.0/armtools/bin/../lib/gcc/arm-atollic-eabi/6.3.1/armv6-m\libgcc.a(_udivsi3.o)
 .ARM.attributes
                0x00000882       0x1e c:/program files (x86)/atollic/truestudio for stm32 9.0.0/armtools/bin/../lib/gcc/arm-atollic-eabi/6.3.1/armv6-m\libgcc.a(_dvmd_tls.o)
 .ARM.attributes
                0x000008a0       0x2c c:/program files (x86)/atollic/truestudio for stm32 9.0.0/armtools/bin/../lib/gcc/arm-atollic-eabi/6.3.1/../../../../arm-atollic-eabi/lib/armv6-m\libnosys.a(sbrk.o)
 .ARM.attributes
                0x000008cc       0x1e c:/program files (x86)/atollic/truestudio for stm32 9.0.0/armtools/bin/../lib/gcc/arm-atollic-eabi/6.3.1/armv6-m/crtn.o
OUTPUT(SterownikWyginarki.elf elf32-littlearm)

.comment        0x00000000       0x7c
 .comment       0x00000000       0x7c Application\User\gpio.o
                                 0x7d (size before relaxing)
 .comment       0x0000007c       0x7d Application\User\i2c.o
 .comment       0x0000007c       0x7d Application\User\main.o
 .comment       0x0000007c       0x7d Application\User\stm32f0xx_hal_msp.o
 .comment       0x0000007c       0x7d Application\User\stm32f0xx_it.o
 .comment       0x0000007c       0x7d Application\User\tim.o
 .comment       0x0000007c       0x7d Drivers\CMSIS\system_stm32f0xx.o
 .comment       0x0000007c       0x7d Drivers\STM32F0xx_HAL_Driver\stm32f0xx_hal.o
 .comment       0x0000007c       0x7d Drivers\STM32F0xx_HAL_Driver\stm32f0xx_hal_cortex.o
 .comment       0x0000007c       0x7d Drivers\STM32F0xx_HAL_Driver\stm32f0xx_hal_gpio.o
 .comment       0x0000007c       0x7d Drivers\STM32F0xx_HAL_Driver\stm32f0xx_hal_i2c.o
 .comment       0x0000007c       0x7d Drivers\STM32F0xx_HAL_Driver\stm32f0xx_hal_i2c_ex.o
 .comment       0x0000007c       0x7d Drivers\STM32F0xx_HAL_Driver\stm32f0xx_hal_rcc.o
 .comment       0x0000007c       0x7d Drivers\STM32F0xx_HAL_Driver\stm32f0xx_hal_rcc_ex.o
 .comment       0x0000007c       0x7d Drivers\STM32F0xx_HAL_Driver\stm32f0xx_hal_tim.o
 .comment       0x0000007c       0x7d Drivers\STM32F0xx_HAL_Driver\stm32f0xx_hal_tim_ex.o
 .comment       0x0000007c       0x7d Modules\Buttons.o
 .comment       0x0000007c       0x7d Modules\Encoder.o
 .comment       0x0000007c       0x7d Modules\Menu.o
 .comment       0x0000007c       0x7d Modules\MenuControls.o
 .comment       0x0000007c       0x7d Modules\MenuStructure.o
 .comment       0x0000007c       0x7d Modules\RunningMode.o
 .comment       0x0000007c       0x7d Modules\SN74LS166.o
 .comment       0x0000007c       0x7d Modules\Settings.o
 .comment       0x0000007c       0x7d Modules\Sounds.o
 .comment       0x0000007c       0x7d Modules\eeprom24xx.o
 .comment       0x0000007c       0x7d Modules\i2c-lcd.o

.debug_frame    0x00000000      0x334
 .debug_frame   0x00000000       0x2c c:/program files (x86)/atollic/truestudio for stm32 9.0.0/armtools/bin/../lib/gcc/arm-atollic-eabi/6.3.1/../../../../arm-atollic-eabi/lib/armv6-m\libc_nano.a(lib_a-init.o)
 .debug_frame   0x0000002c       0x28 c:/program files (x86)/atollic/truestudio for stm32 9.0.0/armtools/bin/../lib/gcc/arm-atollic-eabi/6.3.1/../../../../arm-atollic-eabi/lib/armv6-m\libc_nano.a(lib_a-memcpy-stub.o)
 .debug_frame   0x00000054       0x44 c:/program files (x86)/atollic/truestudio for stm32 9.0.0/armtools/bin/../lib/gcc/arm-atollic-eabi/6.3.1/../../../../arm-atollic-eabi/lib/armv6-m\libc_nano.a(lib_a-vsprintf.o)
 .debug_frame   0x00000098       0x74 c:/program files (x86)/atollic/truestudio for stm32 9.0.0/armtools/bin/../lib/gcc/arm-atollic-eabi/6.3.1/../../../../arm-atollic-eabi/lib/armv6-m\libc_nano.a(lib_a-nano-svfprintf.o)
 .debug_frame   0x0000010c       0x54 c:/program files (x86)/atollic/truestudio for stm32 9.0.0/armtools/bin/../lib/gcc/arm-atollic-eabi/6.3.1/../../../../arm-atollic-eabi/lib/armv6-m\libc_nano.a(lib_a-nano-vfprintf_i.o)
 .debug_frame   0x00000160       0x20 c:/program files (x86)/atollic/truestudio for stm32 9.0.0/armtools/bin/../lib/gcc/arm-atollic-eabi/6.3.1/../../../../arm-atollic-eabi/lib/armv6-m\libc_nano.a(lib_a-memchr-stub.o)
 .debug_frame   0x00000180       0x28 c:/program files (x86)/atollic/truestudio for stm32 9.0.0/armtools/bin/../lib/gcc/arm-atollic-eabi/6.3.1/../../../../arm-atollic-eabi/lib/armv6-m\libc_nano.a(lib_a-memmove.o)
 .debug_frame   0x000001a8       0x2c c:/program files (x86)/atollic/truestudio for stm32 9.0.0/armtools/bin/../lib/gcc/arm-atollic-eabi/6.3.1/../../../../arm-atollic-eabi/lib/armv6-m\libc_nano.a(lib_a-nano-freer.o)
 .debug_frame   0x000001d4       0x2c c:/program files (x86)/atollic/truestudio for stm32 9.0.0/armtools/bin/../lib/gcc/arm-atollic-eabi/6.3.1/../../../../arm-atollic-eabi/lib/armv6-m\libc_nano.a(lib_a-nano-mallocr.o)
 .debug_frame   0x00000200       0x30 c:/program files (x86)/atollic/truestudio for stm32 9.0.0/armtools/bin/../lib/gcc/arm-atollic-eabi/6.3.1/../../../../arm-atollic-eabi/lib/armv6-m\libc_nano.a(lib_a-nano-reallocr.o)
 .debug_frame   0x00000230       0x2c c:/program files (x86)/atollic/truestudio for stm32 9.0.0/armtools/bin/../lib/gcc/arm-atollic-eabi/6.3.1/../../../../arm-atollic-eabi/lib/armv6-m\libc_nano.a(lib_a-sbrkr.o)
 .debug_frame   0x0000025c       0x30 c:/program files (x86)/atollic/truestudio for stm32 9.0.0/armtools/bin/../lib/gcc/arm-atollic-eabi/6.3.1/../../../../arm-atollic-eabi/lib/armv6-m\libc_nano.a(lib_a-mlock.o)
 .debug_frame   0x0000028c       0x20 c:/program files (x86)/atollic/truestudio for stm32 9.0.0/armtools/bin/../lib/gcc/arm-atollic-eabi/6.3.1/../../../../arm-atollic-eabi/lib/armv6-m\libc_nano.a(lib_a-nano-msizer.o)
 .debug_frame   0x000002ac       0x48 c:/program files (x86)/atollic/truestudio for stm32 9.0.0/armtools/bin/../lib/gcc/arm-atollic-eabi/6.3.1/../../../../arm-atollic-eabi/lib/armv6-m\libc_nano.a(lib_a-reent.o)
 .debug_frame   0x000002f4       0x20 c:/program files (x86)/atollic/truestudio for stm32 9.0.0/armtools/bin/../lib/gcc/arm-atollic-eabi/6.3.1/armv6-m\libgcc.a(_udivsi3.o)
 .debug_frame   0x00000314       0x20 c:/program files (x86)/atollic/truestudio for stm32 9.0.0/armtools/bin/../lib/gcc/arm-atollic-eabi/6.3.1/../../../../arm-atollic-eabi/lib/armv6-m\libnosys.a(sbrk.o)
